// Jest Snapshot v1, https://goo.gl/fbAQLP

exports[`Harus bisa merender ExpenseDashboardPage menggunakan data dari fixtures, 1`] = `
<div>
  <React.Memo />
  <React.Memo />
  <React.Memo />
</div>
`;
